// Jest Snapshot v1, https://goo.gl/fbAQLP

exports[`should render add expense page corectly 1`] = `
<div>
  <div
    className="totalexpense-header"
  >
    <div
      className="content-container"
    >
      <h1
        className="totalexpense-content__title"
      >
        Add Expense
      </h1>
    </div>
  </div>
  <div
    className="content-container"
  >
    <ExpenseForm
      onSubmit={[Function]}
    />
  </div>
</div>
`;
