// Jest Snapshot v1, https://goo.gl/fbAQLP

exports[`should render header correctly 1`] = `
<header
  className="header"
>
  <div
    className="content-container"
  >
    <div
      className="header__content"
    >
      <[object Object]
        className="header__link"
        exact={true}
        to="/dashboard"
      >
        <h1>
          Budget-App
        </h1>
      </[object Object]>
      <button
        className="button button--link "
        onClick={[MockFunction]}
      >
        Logout
      </button>
    </div>
  </div>
</header>
`;
